[    0.000000] Initializing cgroup subsys cpuset
[    0.000000] Initializing cgroup subsys cpu
[    0.000000] Initializing cgroup subsys cpuacct
[    0.000000] Linux version 4.4.0-133-generic (buildd@lgw01-amd64-029) (gcc version 5.4.0 20160609 (Ubuntu 5.4.0-6ubuntu1~16.04.10) ) #159-Ubuntu SMP Fri Aug 10 07:31:43 UTC 2018 (Ubuntu 4.4.0-133.159-generic 4.4.134)
[    0.000000] Command line: BOOT_IMAGE=/boot/vmlinuz-4.4.0-133-generic root=LABEL=cloudimg-rootfs ro console=tty1 console=ttyS0
[    0.00000] KERNEL supported cpus:
[    0.000000]   Intel GenuineIntel
[    0.000000]   AMD AuthenticAMD
[    0.000000]   Centaur CentaurHauls
[    0.000000] ------------[ cut here ]------------
[    0.000000] WARNING: CPU: 0 PID: 0 at /build/linux-3busU_/linux-4.4.0/arch/x86/kernel/fpu/xstate.c:517 fpu__init_system_xstate+0x38a/0x759()
[    0.000000] XSAVE consistency problem, dumping leaves
[    0.000000] Modules linked in:
[    0.000000] CPU: 0 PID: 0 Comm: swapper Not tainted 4.4.0-133-generic #159-Ubuntu
[    0.000000]  0000000000000086 020be59b13133418 ffffffff81e03d70 ffffffff814032d3
[    0.000000]  ffffffff81e03db8 ffffffff81cad198 ffffffff81e03da8 ffffffff81084992
[    0.000000]  ffffffff81e03e38 ffffffff81e03e3c 0000000000000008 0000000000000100
[    0.000000] Call Trace:
[    0.000000]  [<ffffffff814032d3>] dump_stack+0x63/0x90
[    0.000000]  [<ffffffff81084992>] warn_slowpath_common+0x82/0xc0
[    0.000000]  [<ffffffff81084a2c>] warn_slowpath_fmt+0x5c/0x80
[    0.000000]  [<ffffffff8108052b>] ? xfeature_size+0x59/0x77
[    0.000000]  [<ffffffff81f732a0>] fpu__init_system_xstate+0x38a/0x759
[    0.000000]  [<ffffffff81f63120>] ? early_idt_handler_array+0x120/0x120
[    0.000000]  [<ffffffff81f72c2e>] fpu__init_system+0x21a/0x330
[    0.000000]  [<ffffffff81f73e57>] early_cpu_init+0x1fb/0x201
[    0.000000]  [<ffffffff81f73e57>] ? early_cpu_init+0x1fb/0x201
[    0.000000]  [<ffffffff81f6f17d>] setup_arch+0xc0/0xd1f
[    0.000000]  [<ffffffff81f63120>] ? early_idt_handler_array+0x120/0x120
[    0.000000]  [<ffffffff81f63c75>] start_kernel+0xe2/0x4a4
[    0.000000]  [<ffffffff81f63120>] ? early_idt_handler_array+0x120/0x120
[    0.000000]  [<ffffffff81f63339>] x86_64_start_reservations+0x2a/0x2c
[    0.000000]  [<ffffffff81f63485>] x86_64_start_kernel+0x14a/0x16d
[    0.000000] ---[ end trace 4d5ff9f2f68c4233 ]---
[    0.000000] CPUID[0d, 00]: eax=00000007 ebx=00000440 ecx=00000440 edx=00000000
[    0.000000] CPUID[0d, 01]: eax=00000000 ebx=00000440 ecx=00000000 edx=00000000
[    0.000000] CPUID[0d, 02]: eax=00000100 ebx=00000240 ecx=00000000 edx=00000000
[    0.000000] CPUID[0d, 03]: eax=00000000 ebx=00000000 ecx=00000000 edx=00000000
[    0.000000] CPUID[0d, 04]: eax=00000000 ebx=00000000 ecx=00000000 edx=00000000
[    0.000000] CPUID[0d, 05]: eax=00000000 ebx=00000000 ecx=00000000 edx=00000000
[    0.000000] CPUID[0d, 06]: eax=00000000 ebx=00000000 ecx=00000000 edx=00000000
[    0.000000] CPUID[0d, 07]: eax=00000000 ebx=00000000 ecx=00000000 edx=00000000
[    0.000000] CPUID[0d, 08]: eax=00000000 ebx=00000000 ecx=00000000 edx=00000000
[    0.000000] CPUID[0d, 09]: eax=00000000 ebx=00000000 ecx=00000000 edx=00000000
[    0.000000] CPUID[0d, 0a]: eax=00000000 ebx=00000000 ecx=00000000 edx=00000000
[    0.000000] CPUID[0d, 0b]: eax=00000000 ebx=00000000 ecx=00000000 edx=00000000
[    0.000000] CPUID[0d, 0c]: eax=00000000 ebx=00000000 ecx=00000000 edx=00000000
[    0.000000] CPUID[0d, 0d]: eax=00000000 ebx=00000000 ecx=00000000 edx=00000000
[    0.000000] CPUID[0d, 0e]: eax=00000000 ebx=00000000 ecx=00000000 edx=00000000
[    0.000000] CPUID[0d, 0f]: eax=00000000 ebx=00000000 ecx=00000000 edx=00000000
[    0.000000] CPUID[0d, 10]: eax=00000000 ebx=00000000 ecx=00000000 edx=00000000
[    0.000000] CPUID[0d, 11]: eax=00000000 ebx=00000000 ecx=00000000 edx=00000000
[    0.000000] x86/fpu: xstate_offset[2]:  576, xstate_sizes[2]:  256
[    0.000000] x86/fpu: Supporting XSAVE feature 0x01: 'x87 floating point registers'
[    0.000000] x86/fpu: Supporting XSAVE feature 0x02: 'SSE registers'
[    0.000000] x86/fpu: Supporting XSAVE feature 0x04: 'AVX registers'
[    0.000000] x86/fpu: Enabled xstate features 0x7, context size is 1088 bytes, using 'standard' format.
[    0.000000] x86/fpu: Using 'eager' FPU context switches.
[    0.000000] e820: BIOS-provided physical RAM map:
[    0.000000] BIOS-e820: [mem 0x0000000000000000-0x000000000009fbff] usable
[    0.000000] BIOS-e820: [mem 0x000000000009fc00-0x000000000009ffff] reserved
[    0.000000] BIOS-e820: [mem 0x00000000000f0000-0x00000000000fffff] reserved
[    0.000000] BIOS-e820: [mem 0x0000000000100000-0x000000003ffeffff] usable
[    0.000000] BIOS-e820: [mem 0x000000003fff0000-0x000000003fffffff] ACPI data
[    0.000000] BIOS-e820: [mem 0x00000000fec00000-0x00000000fec00fff] reserved
[    0.000000] BIOS-e820: [mem 0x00000000fee00000-0x00000000fee00fff] reserved
[    0.000000] BIOS-e820: [mem 0x00000000fffc0000-0x00000000ffffffff] reserved
[    0.000000] NX (Execute Disable) protection: active
[    0.000000] SMBIOS 2.5 present.
[    0.000000] Hypervisor detected: KVM
[    0.000000] e820: last_pfn = 0x3fff0 max_arch_pfn = 0x400000000
[    0.000000] MTRR: Disabled
[    0.000000] x86/PAT: MTRRs disabled, skipping PAT initialization too.
[    0.000000] CPU MTRRs all blank - virtualized system.
[    0.000000] x86/PAT: Configuration [0-7]: WB  WT  UC- UC  WB  WT  UC- UC  
[    0.000000] found SMP MP-table at [mem 0x0009fff0-0x0009ffff] mapped at [ffff88000009fff0]
[    0.000000] Scanning 1 areas for low memory corruption
[    0.000000] RAMDISK: [mem 0x3630c000-0x3717dfff]
[    0.000000] ACPI: Early table checksum verification disabled
[    0.000000] ACPI: RSDP 0x00000000000E0000 000024 (v02 VBOX  )
[    0.000000] ACPI: XSDT 0x000000003FFF0030 00003C (v01 VBOX   VBOXXSDT 00000001 ASL  00000061)
[    0.000000] ACPI: FACP 0x000000003FFF00F0 0000F4 (v04 VBOX   VBOXFACP 00000001 ASL  00000061)
[    0.000000] ACPI: DSDT 0x000000003FFF0470 0021FF (v02 VBOX   VBOXBIOS 00000002 INTL 20100528)
[    0.000000] ACPI: FACS 0x000000003FFF0200 000040
[    0.000000] ACPI: FACS 0x000000003FFF0200 000040
[    0.000000] ACPI: APIC 0x000000003FFF0240 00005C (v02 VBOX   VBOXAPIC 00000001 ASL  00000061)
[    0.000000] ACPI: SSDT 0x000000003FFF02A0 0001CC (v01 VBOX   VBOXCPUT 00000002 INTL 20100528)
[    0.000000] No NUMA configuration found
[    0.000000] Faking a node at [mem 0x0000000000000000-0x000000003ffeffff]
[    0.000000] NODE_DATA(0) allocated [mem 0x3ffeb000-0x3ffeffff]
[    0.000000] kvm-clock: Using msrs 4b564d01 and 4b564d00
[    0.000000] kvm-clock: cpu 0, msr 0:3ffe3001, primary cpu clock
[    0.000000] kvm-clock: using sched offset of 5447176125 cycles
[    0.000000] clocksource: kvm-clock: mask: 0xffffffffffffffff max_cycles: 0x1cd42e4dffb, max_idle_ns: 881590591483 ns
[    0.000000] Zone ranges:
[    0.000000]   DMA      [mem 0x0000000000001000-0x0000000000ffffff]
[    0.000000]   DMA32    [mem 0x0000000001000000-0x000000003ffeffff]
[    0.000000]   Normal   empty
[    0.000000]   Device   empty
[    0.000000] Movable zone start for each node
[    0.000000] Early memory node ranges
[    0.000000]   node   0: [mem 0x0000000000001000-0x000000000009efff]
[    0.000000]   node   0: [mem 0x0000000000100000-0x000000003ffeffff]
[    0.000000] Initmem setup node 0 [mem 0x0000000000001000-0x000000003ffeffff]
[    0.000000] ACPI: PM-Timer IO Port: 0x4008
[    0.000000] IOAPIC[0]: apic_id 2, version 32, address 0xfec00000, GSI 0-23
[    0.000000] ACPI: INT_SRC_OVR (bus 0 bus_irq 0 global_irq 2 dfl dfl)
[    0.000000] ACPI: INT_SRC_OVR (bus 0 bus_irq 9 global_irq 9 high level)
[    0.000000] Using ACPI (MADT) for SMP configuration information
[    0.000000] smpboot: Allowing 2 CPUs, 0 hotplug CPUs
[    0.000000] PM: Registered nosave memory: [mem 0x00000000-0x00000fff]
[    0.000000] PM: Registered nosave memory: [mem 0x0009f000-0x0009ffff]
[    0.000000] PM: Registered nosave memory: [mem 0x000a0000-0x000effff]
[    0.000000] PM: Registered nosave memory: [mem 0x000f0000-0x000fffff]
[    0.000000] e820: [mem 0x40000000-0xfebfffff] available for PCI devices
[    0.000000] Booting paravirtualized kernel on KVM
[    0.000000] clocksource: refined-jiffies: mask: 0xffffffff max_cycles: 0xffffffff, max_idle_ns: 7645519600211568 ns
[    0.000000] setup_percpu: NR_CPUS:512 nr_cpumask_bits:512 nr_cpu_ids:2 nr_node_ids:1
[    0.000000] PERCPU: Embedded 34 pages/cpu @ffff88003fc00000 s99544 r8192 d31528 u1048576
[    0.000000] PV qspinlock hash table entries: 256 (order: 0, 4096 bytes)
[    0.000000] Built 1 zonelists in Node order, mobility grouping on.  Total pages: 257912
[    0.000000] Policy zone: DMA32
[    0.000000] Kernel command line: BOOT_IMAGE=/boot/vmlinuz-4.4.0-133-generic root=LABEL=cloudimg-rootfs ro console=tty1 console=ttyS0
[    0.000000] PID hash table entries: 4096 (order: 3, 32768 bytes)
[    0.000000] Memory: 997712K/1048120K available (8550K kernel code, 1314K rwdata, 4004K rodata, 1528K init, 1316K bss, 50408K reserved, 0K cma-reserved)
[    0.000000] SLUB: HWalign=64, Order=0-3, MinObjects=0, CPUs=2, Nodes=1
[    0.000000] Kernel/User page tables isolation: enabled
[    0.000000] Hierarchical RCU implementation.
[    0.000000] 	Build-time adjustment of leaf fanout to 64.
[    0.000000] 	RCU restricting CPUs from NR_CPUS=512 to nr_cpu_ids=2.
[    0.000000] RCU: Adjusting geometry for rcu_fanout_leaf=64, nr_cpu_ids=2
[    0.000000] NR_IRQS:33024 nr_irqs:440 16
[    0.000000] Console: colour VGA+ 80x25
[    0.000000] console [tty1] enabled
[    0.000000] console [ttyS0] enabled
[    0.000000] tsc: Detected 2591.996 MHz processor
[    3.627469] Calibrating delay loop (skipped) preset value.. 5183.99 BogoMIPS (lpj=10367984)
[    3.636468] pid_max: default: 32768 minimum: 301
[    3.637759] ACPI: Core revision 20150930
[    3.645938] ACPI: 2 ACPI AML tables successfully acquired and loaded
[    3.667880] Security Framework initialized
[    3.669230] Yama: becoming mindful.
[    3.688062] AppArmor: AppArmor initialized
[    3.690958] Dentry cache hash table entries: 131072 (order: 8, 1048576 bytes)
[    3.722046] Inode-cache hash table entries: 65536 (order: 7, 524288 bytes)
[    3.785214] Mount-cache hash table entries: 2048 (order: 2, 16384 bytes)
[    3.802689] Mountpoint-cache hash table entries: 2048 (order: 2, 16384 bytes)
[    3.818268] Initializing cgroup subsys io
[    3.834225] Initializing cgroup subsys memory
[    3.873705] Initializing cgroup subsys devices
[    3.889341] Initializing cgroup subsys freezer
[    3.924528] Initializing cgroup subsys net_cls
[    3.969339] Initializing cgroup subsys perf_event
[    3.970748] Initializing cgroup subsys net_prio
[    3.992772] Initializing cgroup subsys hugetlb
[    4.011481] Initializing cgroup subsys pids
[    4.016042] mce: CPU supports 0 MCE banks
[    4.034930] Last level iTLB entries: 4KB 64, 2MB 8, 4MB 8
[    4.047595] Last level dTLB entries: 4KB 64, 2MB 0, 4MB 0, 1GB 4
[    4.070762] Spectre V2 : Mitigation: Full generic retpoline
[    4.101300] Spectre V2 : Speculation control IBPB not-supported IBRS not-supported
[    4.127973] Spectre V2 : Filling RSB on context switch
[    4.182286] Speculative Store Bypass: Vulnerable
[    4.191777] Freeing SMP alternatives memory: 32K
[    4.234088] ftrace: allocating 32262 entries in 127 pages
[    4.323024] smpboot: APIC(0) Converting physical 0 to logical package 0
[    4.329087] smpboot: Max logical packages: 1
[    4.351396] x2apic enabled
[    4.352332] Switched APIC routing to physical x2apic.
[    4.378630] ..TIMER: vector=0x30 apic1=0 pin1=2 apic2=-1 pin2=-1
[    4.504635] smpboot: CPU0: Intel(R) Core(TM) i7-6500U CPU @ 2.50GHz (family: 0x6, model: 0x4e, stepping: 0x3)
[    4.564965] Performance Events: unsupported p6 CPU model 78 no PMU driver, software events only.
[    4.637990] KVM setup paravirtual spinlock
[    4.701671] x86: Booting SMP configuration:
[    4.714960] .... node  #0, CPUs:      #1
[    4.769746] kvm-clock: cpu 1, msr 0:3ffe3041, secondary cpu clock
[    4.778391] mce: CPU supports 0 MCE banks
[    4.789028] x86: Booted up 1 node, 2 CPUs
[    4.843185] smpboot: Total of 2 processors activated (10367.98 BogoMIPS)
[    4.862271] devtmpfs: initialized
[    4.876674] evm: security.selinux
[    4.913961] evm: security.SMACK64
[    4.923787] evm: security.SMACK64EXEC
[    4.934248] evm: security.SMACK64TRANSMUTE
[    4.958019] evm: security.SMACK64MMAP
[    4.988069] evm: security.ima
[    4.995974] evm: security.capability
[    5.045148] clocksource: jiffies: mask: 0xffffffff max_cycles: 0xffffffff, max_idle_ns: 7645041785100000 ns
[    5.080824] futex hash table entries: 512 (order: 3, 32768 bytes)
[    5.113355] pinctrl core: initialized pinctrl subsystem
[    5.140735] RTC time: 15:51:37, date: 08/18/18
[    5.163429] NET: Registered protocol family 16
[    5.221357] cpuidle: using governor ladder
[    5.250145] cpuidle: using governor menu
[    5.269675] PCCT header not found.
[    5.286525] ACPI: bus type PCI registered
[    5.287830] acpiphp: ACPI Hot Plug PCI Controller Driver version: 0.5
[    5.306438] PCI: Using configuration type 1 for base access
[    5.321902] ACPI: Added _OSI(Module Device)
[    5.329943] ACPI: Added _OSI(Processor Device)
[    5.370298] ACPI: Added _OSI(3.0 _SCP Extensions)
[    5.383843] ACPI: Added _OSI(Processor Aggregator Device)
[    5.401729] ACPI: Executed 1 blocks of module-level executable AML code
[    5.443827] ACPI: Interpreter enabled
[    5.461730] ACPI: (supports S0 S5)
[    5.476177] ACPI: Using IOAPIC for interrupt routing
[    5.491364] PCI: Using host bridge windows from ACPI; if necessary, use "pci=nocrs" and report a bug
[    5.519469] ACPI: PCI Root Bridge [PCI0] (domain 0000 [bus 00-ff])
[    5.558379] acpi PNP0A03:00: _OSC: OS supports [ASPM ClockPM Segments MSI]
[    5.561638] acpi PNP0A03:00: _OSC: not requesting OS control; OS requires [ExtendedConfig ASPM ClockPM MSI]
[    5.574200] acpi PNP0A03:00: fail to add MMCONFIG information, can't access extended PCI configuration space under this bridge.
[    5.683082] PCI host bridge to bus 0000:00
[    5.723980] pci_bus 0000:00: root bus resource [io  0x0000-0x0cf7 window]
[    5.732257] pci_bus 0000:00: root bus resource [io  0x0d00-0xffff window]
[    5.748328] pci_bus 0000:00: root bus resource [mem 0x000a0000-0x000bffff window]
[    5.780200] pci_bus 0000:00: root bus resource [mem 0x40000000-0xffdfffff window]
[    5.793053] pci_bus 0000:00: root bus resource [bus 00-ff]
[    5.808639] pci 0000:00:01.1: legacy IDE quirk: reg 0x10: [io  0x01f0-0x01f7]
[    5.836958] pci 0000:00:01.1: legacy IDE quirk: reg 0x14: [io  0x03f6]
[    5.861628] pci 0000:00:01.1: legacy IDE quirk: reg 0x18: [io  0x0170-0x0177]
[    5.877573] pci 0000:00:01.1: legacy IDE quirk: reg 0x1c: [io  0x0376]
[    5.935776] pci 0000:00:07.0: quirk: [io  0x4000-0x403f] claimed by PIIX4 ACPI
[    5.977252] pci 0000:00:07.0: quirk: [io  0x4100-0x410f] claimed by PIIX4 SMB
[    6.015535] ACPI: PCI Interrupt Link [LNKA] (IRQs 5 9 10 *11)
[    6.035074] ACPI: PCI Interrupt Link [LNKB] (IRQs 5 9 10 *11)
[    6.109164] ACPI: PCI Interrupt Link [LNKC] (IRQs 5 9 *10 11)
[    6.155396] ACPI: PCI Interrupt Link [LNKD] (IRQs 5 *9 10 11)
[    6.183040] ACPI: Enabled 2 GPEs in block 00 to 07
[    6.191403] vgaarb: setting as boot device: PCI:0000:00:02.0
[    6.196740] vgaarb: device added: PCI:0000:00:02.0,decodes=io+mem,owns=io+mem,locks=none
[    6.260171] vgaarb: loaded
[    6.278341] vgaarb: bridge control possible 0000:00:02.0
[    6.334329] SCSI subsystem initialized
[    6.352895] ACPI: bus type USB registered
[    6.354125] usbcore: registered new interface driver usbfs
[    6.390052] usbcore: registered new interface driver hub
[    6.446319] usbcore: registered new device driver usb
[    6.470957] PCI: Using ACPI for IRQ routing
[    6.490757] NetLabel: Initializing
[    6.536023] NetLabel:  domain hash size = 128
[    6.565384] NetLabel:  protocols = UNLABELED CIPSOv4
[    6.589115] NetLabel:  unlabeled traffic allowed by default
[    6.602257] amd_nb: Cannot enumerate AMD northbridges
[    6.621287] clocksource: Switched to clocksource kvm-clock
[    6.640172] AppArmor: AppArmor Filesystem Enabled
[    6.681772] pnp: PnP ACPI init
[    6.718007] pnp: PnP ACPI: found 3 devices
[    6.735386] clocksource: acpi_pm: mask: 0xffffff max_cycles: 0xffffff, max_idle_ns: 2085701024 ns
[    6.785861] NET: Registered protocol family 2
[    6.787363] TCP established hash table entries: 8192 (order: 4, 65536 bytes)
[    6.789179] TCP bind hash table entries: 8192 (order: 5, 131072 bytes)
[    6.797873] TCP: Hash tables configured (established 8192 bind 8192)
[    6.879864] UDP hash table entries: 512 (order: 2, 16384 bytes)
[    6.908109] UDP-Lite hash table entries: 512 (order: 2, 16384 bytes)
[    6.952686] NET: Registered protocol family 1
[    6.961242] pci 0000:00:00.0: Limiting direct PCI/PCI transfers
[    6.997880] pci 0000:00:01.0: Activating ISA DMA hang workarounds
[    7.060239] Unpacking initramfs...
[    7.421126] Freeing initrd memory: 14792K
[    7.462081] platform rtc_cmos: registered platform RTC device (no PNP device found)
[    7.495496] Scanning for low memory corruption every 60 seconds
[    7.530291] audit: initializing netlink subsys (disabled)
[    7.538799] audit: type=2000 audit(1534607500.566:1): initialized
[    7.573930] Initialise system trusted keyring
[    7.595420] HugeTLB registered 2 MB page size, pre-allocated 0 pages
[    7.608419] zbud: loaded
[    7.618279] VFS: Disk quotas dquot_6.6.0
[    7.669043] VFS: Dquot-cache hash table entries: 512 (order 0, 4096 bytes)
[    7.686065] squashfs: version 4.0 (2009/01/31) Phillip Lougher
[    7.744119] fuse init (API version 7.23)
[    7.767628] Key type big_key registered
[    7.768904] Allocating IMA MOK and blacklist keyrings.
[    7.792989] Key type asymmetric registered
[    7.836666] Asymmetric key parser 'x509' registered
[    7.871474] Block layer SCSI generic (bsg) driver version 0.4 loaded (major 249)
[    7.888248] io scheduler noop registered
[    7.889152] io scheduler deadline registered (default)
[    7.915262] io scheduler cfq registered
[    7.928839] pci_hotplug: PCI Hot Plug PCI Core version: 0.5
[    7.963121] pciehp: PCI Express Hot Plug Controller Driver version: 0.4
[    7.972357] ACPI: AC Adapter [AC] (on-line)
[    7.979555] input: Power Button as /devices/LNXSYSTM:00/LNXPWRBN:00/input/input0
[    8.061867] ACPI: Power Button [PWRF]
[    8.067412] input: Sleep Button as /devices/LNXSYSTM:00/LNXSLPBN:00/input/input1
[    8.103649] ACPI: Sleep Button [SLPF]
[    8.110447] GHES: HEST is not enabled!
[    8.111406] ACPI: Battery Slot [BAT0] (battery present)
[    8.162478] Serial: 8250/16550 driver, 32 ports, IRQ sharing enabled
[    8.249605] 00:02: ttyS0 at I/O 0x3f8 (irq = 4, base_baud = 115200) is a 16550A
[    8.300608] Linux agpgart interface v0.103
[    8.327269] loop: module loaded
[    8.333828] scsi host0: ata_piix
[    8.347889] scsi host1: ata_piix
[    8.365236] ata1: PATA max UDMA/33 cmd 0x1f0 ctl 0x3f6 bmdma 0xd000 irq 14
[    8.399066] ata2: PATA max UDMA/33 cmd 0x170 ctl 0x376 bmdma 0xd008 irq 15
[    8.408072] libphy: Fixed MDIO Bus: probed
[    8.409568] tun: Universal TUN/TAP device driver, 1.6
[    8.456997] tun: (C) 1999-2004 Max Krasnyansky <maxk@qualcomm.com>
[    8.462763] tsc: Refined TSC clocksource calibration: 2590.260 MHz
[    8.462766] clocksource: tsc: mask: 0xffffffffffffffff max_cycles: 0x25564b2f366, max_idle_ns: 440795242081 ns
[    8.487815] PPP generic driver version 2.4.2
[    8.506321] ehci_hcd: USB 2.0 'Enhanced' Host Controller (EHCI) Driver
[    8.522581] ehci-pci: EHCI PCI platform driver
[    8.525907] ehci-platform: EHCI generic platform driver
[    8.535223] ohci_hcd: USB 1.1 'Open' Host Controller (OHCI) Driver
[    8.537033] ohci-pci: OHCI PCI platform driver
[    8.538301] ohci-platform: OHCI generic platform driver
[    8.551012] uhci_hcd: USB Universal Host Controller Interface driver
[    8.576207] i8042: PNP: PS/2 Controller [PNP0303:PS2K,PNP0f03:PS2M] at 0x60,0x64 irq 1,12
[    8.589450] serio: i8042 KBD port at 0x60,0x64 irq 1
[    8.602940] serio: i8042 AUX port at 0x60,0x64 irq 12
[    8.623045] mousedev: PS/2 mouse device common for all mice
[    8.651785] input: AT Translated Set 2 keyboard as /devices/platform/i8042/serio0/input/input2
[    8.660478] rtc_cmos rtc_cmos: rtc core: registered rtc_cmos as rtc0
[    8.673968] rtc_cmos rtc_cmos: alarms up to one day, 114 bytes nvram
[    8.699603] i2c /dev entries driver
[    8.716758] device-mapper: uevent: version 1.0.3
[    8.724679] device-mapper: ioctl: 4.34.0-ioctl (2015-10-28) initialised: dm-devel@redhat.com
[    8.742947] ledtrig-cpu: registered to indicate activity on CPUs
[    8.747375] NET: Registered protocol family 10
[    8.761062] NET: Registered protocol family 17
[    8.765269] Key type dns_resolver registered
[    8.768703] registered taskstats version 1
[    8.793095] Loading compiled-in X.509 certificates
[    8.799076] Loaded X.509 cert 'Build time autogenerated kernel key: 2bd7eec8ea2fedbeeda78e0b663eb647cf617c40'
[    8.816553] zswap: loaded using pool lzo/zbud
[    8.829859] Key type trusted registered
[    8.855641] Key type encrypted registered
[    8.881546] AppArmor: AppArmor sha1 policy hashing enabled
[    8.922647] ima: No TPM chip found, activating TPM-bypass!
[    8.949078] ima: Allocated hash algorithm: sha1
[    8.971965] evm: HMAC attrs: 0x1
[    8.973944]   Magic number: 14:295:892
[    8.985888] rtc_cmos rtc_cmos: setting system clock to 2018-08-18 15:51:41 UTC (1534607501)
[    9.010912] BIOS EDD facility v0.16 2004-Jun-25, 0 devices found
[    9.018795] EDD information not available.
[    9.029598] Freeing unused kernel memory: 1528K
[    9.053797] Write protecting the kernel read-only data: 14336k
[    9.062527] Freeing unused kernel memory: 1676K
[    9.069919] Freeing unused kernel memory: 92K
Loading, please wait...
[    9.098403] random: systemd-udevd: uninitialized urandom read (16 bytes read, 5 bits of entropy available)
starting version 229
[    9.099443] random: udevadm: uninitialized urandom read (16 bytes read, 5 bits of entropy available)
[    9.099469] random: udevadm: uninitialized urandom read (16 bytes read, 5 bits of entropy available)
[    9.110625] random: udevadm: uninitialized urandom read (16 bytes read, 5 bits of entropy available)
[    9.110681] random: udevadm: uninitialized urandom read (16 bytes read, 5 bits of entropy available)
[    9.110861] random: udevadm: uninitialized urandom read (16 bytes read, 5 bits of entropy available)
[    9.110925] random: udevadm: uninitialized urandom read (16 bytes read, 5 bits of entropy available)
[    9.110985] random: udevadm: uninitialized urandom read (16 bytes read, 5 bits of entropy available)
[    9.111145] random: udevadm: uninitialized urandom read (16 bytes read, 5 bits of entropy available)
[    9.111211] random: udevadm: uninitialized urandom read (16 bytes read, 5 bits of entropy available)
[    9.436465] e1000: Intel(R) PRO/1000 Network Driver - version 7.3.21-k8-NAPI
[    9.493650] Fusion MPT base driver 3.04.20
[    9.493651] Copyright (c) 1999-2008 LSI Corporation
[    9.550227] e1000: Copyright (c) 1999-2006 Intel Corporation.
[    9.610652] Fusion MPT SPI Host driver 3.04.20
[    9.760919] AVX version of gcm_enc/dec engaged.
[    9.772647] AES CTR mode by8 optimization enabled
[    9.906918] input: ImExPS/2 Generic Explorer Mouse as /devices/platform/i8042/serio1/input/input4
[   10.471291] e1000 0000:00:03.0 eth0: (PCI:33MHz:32-bit) 02:48:3e:15:b5:0c
[   10.485871] e1000 0000:00:03.0 eth0: Intel(R) PRO/1000 Network Connection
[   11.061361] e1000 0000:00:08.0 eth1: (PCI:33MHz:32-bit) 08:00:27:0c:d1:cd
[   11.068101] e1000 0000:00:08.0 eth1: Intel(R) PRO/1000 Network Connection
[   11.082251] e1000 0000:00:03.0 enp0s3: renamed from eth0
[   11.123008] mptbase: ioc0: Initiating bringup
[   11.149980] e1000 0000:00:08.0 enp0s8: renamed from eth1
[   11.223363] ioc0: LSI53C1030 A0: Capabilities={Initiator}
[   11.412613] scsi host2: ioc0: LSI53C1030 A0, FwRev=00000000h, Ports=1, MaxQ=256, IRQ=20
[   11.569525] scsi 2:0:0:0: Direct-Access     VBOX     HARDDISK         1.0  PQ: 0 ANSI: 5
[   11.619346] scsi target2:0:0: Beginning Domain Validation
[   11.641215] scsi target2:0:0: Domain Validation skipping write tests
[   11.668994] scsi target2:0:0: Ending Domain Validation
[   11.691947] scsi target2:0:0: asynchronous
[   11.707103] scsi 2:0:1:0: Direct-Access     VBOX     HARDDISK         1.0  PQ: 0 ANSI: 5
[   11.736271] scsi target2:0:1: Beginning Domain Validation
[   11.764667] scsi target2:0:1: Domain Validation skipping write tests
[   11.771238] scsi target2:0:1: Ending Domain Validation
[   11.773847] scsi target2:0:1: asynchronous
[   11.793645] sd 2:0:0:0: Attached scsi generic sg0 type 0
[   11.822858] sd 2:0:1:0: Attached scsi generic sg1 type 0
[   11.833251] sd 2:0:0:0: [sda] 20971520 512-byte logical blocks: (10.7 GB/10.0 GiB)
[   11.833443] sd 2:0:1:0: [sdb] 20480 512-byte logical blocks: (10.5 MB/10.0 MiB)
[   11.833656] sd 2:0:1:0: [sdb] Write Protect is off
[   11.833769] sd 2:0:1:0: [sdb] Incomplete mode parameter data
[   11.833771] sd 2:0:1:0: [sdb] Assuming drive cache: write through
[   11.864161] sd 2:0:1:0: [sdb] Attached SCSI disk
[   11.969148] sd 2:0:0:0: [sda] Write Protect is off
[   11.978459] sd 2:0:0:0: [sda] Incomplete mode parameter data
[   11.985031] sd 2:0:0:0: [sda] Assuming drive cache: write through
[   12.014787]  sda: sda1
[   12.025572] sd 2:0:0:0: [sda] Attached SCSI disk
Begin: Loading e[   13.693428] md: linear personality registered for level -1
ssential drivers[   13.751120] md: multipath personality registered for level -4
 ... [   13.806493] md: raid0 personality registered for level 0
[   13.855847] md: raid1 personality registered for level 1
[   13.957354] raid6: sse2x1   gen()  5603 MB/s
[   14.025447] raid6: sse2x1   xor()  4189 MB/s
[   14.093449] raid6: sse2x2   gen()  7562 MB/s
[   14.177470] raid6: sse2x2   xor()  5328 MB/s
[   14.257227] raid6: sse2x4   gen()  8156 MB/s
[   14.329519] raid6: sse2x4   xor()  6089 MB/s
[   14.334048] raid6: using algorithm sse2x4 gen() 8156 MB/s
[   14.349058] raid6: .... xor() 6089 MB/s, rmw enabled
[   14.368395] raid6: using ssse3x2 recovery algorithm
[   14.372845] xor: automatically using best checksumming function:
[   14.425443]    avx       : 16628.000 MB/sec
[   14.432120] async_tx: api initialized (async)
[   14.458389] md: raid6 personality registered for level 6
[   14.479996] md: raid5 personality registered for level 5
[   14.484641] md: raid4 personality registered for level 4
[   14.539702] md: raid10 personality registered for level 10
done.
Begin: Running /scripts/init-premount ... done.
Begin: Mounting root file system ... Begin: Running /scripts/local-top ... done.
Begin: Running /scripts/local-premount ... [   14.620399] Btrfs loaded
Scanning for Btrfs filesystems
done.
Warning: fsck not present, so skipping root file system
[   14.734841] EXT4-fs (sda1): mounted filesystem with ordered data mode. Opts: (null)
done.
Begin: Running /scripts/local-bottom ... done.
Begin: Running /scripts/init-bottom ... done.
[   15.337704] random: nonblocking pool is initialized
[   15.989472] systemd[1]: systemd 229 running in system mode. (+PAM +AUDIT +SELINUX +IMA +APPARMOR +SMACK +SYSVINIT +UTMP +LIBCRYPTSETUP +GCRYPT +GNUTLS +ACL +XZ -LZ4 +SECCOMP +BLKID +ELFUTILS +KMOD -IDN)
[   16.104815] systemd[1]: Detected virtualization oracle.
[   16.173982] systemd[1]: Detected architecture x86-64.

Welcome to [1mUbuntu 16.04.5 LTS[0m!

[   16.382735] systemd[1]: Set hostname to <ubuntu>.
[   16.496795] systemd[1]: Initializing machine ID from random generator.
[   16.565575] systemd[1]: Installed transient /etc/machine-id file.
[   17.398371] systemd[1]: Created slice System Slice.
[[0;32m  OK  [0m] Created slice System Slice.
[   17.515292] systemd[1]: Reached target Encrypted Volumes.
[[0;32m  OK  [0m] Reached target Encrypted Volumes.
[   17.523210] systemd[1]: Listening on Syslog Socket.
[[0;32m  OK  [0m] Listening on Syslog Socket.
[   17.560814] systemd[1]: Listening on Journal Socket.
[[0;32m  OK  [0m] Listening on Journal Socket.
[   17.605504] systemd[1]: Starting Load Kernel Modules...
         Starting Load Kernel Modules...
[   17.641157] systemd[1]: Listening on LVM2 metadata daemon socket.
[[0;32m  OK  [0m] Listening on LVM2 metadata daemon socket.
[   17.666681] systemd[1]: Listening on udev Control Socket.
[[0;32m  OK  [0m] Listening on udev Control Socket.
[   17.689119] Loading iSCSI transport class v2.0-870.
[   17.690435] systemd[1]: Starting Set console keymap...
         Starting Set console keymap...
[   17.762047] systemd[1]: Starting Remount Root and Kernel File Systems...
         [   17.780479] iscsi: registered transport (tcp)
Starting Remount Root and Kernel File Systems...
[   17.824729] systemd[1]: Set up automount Arbitrary Executable File Formats File System Automount Point.
[[0;32m  OK  [0m[   17.852233] EXT4-fs (sda1): re-mounted. Opts: (null)
] Set up automount Arbitrary Executab...ats File System Automount Point.
[   17.926330] iscsi: registered transport (iser)
[   17.949830] systemd[1]: Starting Uncomplicated firewall...
         Starting Uncomplicated firewall...
[   17.969692] systemd[1]: Listening on udev Kernel Socket.
[[0;32m  OK  [0m] Listening on udev Kernel Socket.
[   17.995456] systemd[1]: Listening on Journal Socket (/dev/log).
[[0;32m  OK  [0m] Listening on Journal Socket (/dev/log).
[   18.130027] systemd[1]: Reached target System Time Synchronized.
[[0;32m  OK  [0m] Reached target System Time Synchronized.
[   18.321418] systemd[1]: Mounting Debug File System...
         Mounting Debug File System...
[   18.344855] systemd[1]: Started Trigger resolvconf update for networkd DNS.
[[0;32m  OK  [0m] Started Trigger resolvconf update for networkd DNS.
[   18.408180] systemd[1]: Created slice User and Session Slice.
[[0;32m  OK  [0m] Created slice User and Session Slice.
[   18.445914] systemd[1]: Starting Nameserver information manager...
         Starting Nameserver information manager...
[   18.513891] systemd[1]: Listening on LVM2 poll daemon socket.
[[0;32m  OK  [0m] Listening on LVM2 poll daemon socket.
[   18.673908] systemd[1]: Reached target User and Group Name Lookups.
[[0;32m  OK  [0m] Reached target User and Group Name Lookups.
[   18.794007] systemd[1]: Listening on Device-mapper event daemon FIFOs.
[[0;32m  OK  [0m] Listening on Device-mapper event daemon FIFOs.
[   18.993648] systemd[1]: Starting Monitoring of LVM2 mirrors, snapshots etc. using dmeventd or progress polling...
         Starting Monitoring of LVM2 mirrors... dmeventd or progress polling...
[   19.068610] systemd[1]: Mounting POSIX Message Queue File System...
         Mounting POSIX Message Queue File System...
[   19.139031] systemd[1]: Started Forward Password Requests to Wall Directory Watch.
[[0;32m  OK  [0m] Started Forward Password Requests to Wall Directory Watch.
[   19.321485] systemd[1]: Starting Create list of required static device nodes for the current kernel...
         Starting Create list of required st... nodes for the current kernel...
[   19.426444] systemd[1]: Reached target Slices.
[[0;32m  OK  [0m] Reached target Slices.
[   19.494997] systemd[1]: Listening on /dev/initctl Compatibility Named Pipe.
[[0;32m  OK  [0m] Listening on /dev/initctl Compatibility Named Pipe.
[   19.670088] systemd[1]: Listening on Journal Audit Socket.
[[0;32m  OK  [0m] Listening on Journal Audit Socket.
[   19.765589] systemd[1]: Starting Journal Service...
         Starting Journal Service...
[   19.837802] systemd[1]: Mounting Huge Pages File System...
         Mounting Huge Pages File System...
[   19.888253] systemd[1]: Reached target Swap.
[[0;32m  OK  [0m] Reached target Swap.
[   19.937829] systemd[1]: Created slice system-serial\x2dgetty.slice.
[[0;32m  OK  [0m] Created slice system-serial\x2dgetty.slice.
[   20.014506] systemd[1]: Mounted Debug File System.
[[0;32m  OK  [0m] Mounted Debug File System.
[   20.074209] systemd[1]: Mounted POSIX Message Queue File System.
[[0;32m  OK  [0m] Mounted POSIX Message Queue File System.
[   20.233726] systemd[1]: Mounted Huge Pages File System.
[[0;32m  OK  [0m] Mounted Huge Pages File System.
[   20.302185] systemd[1]: Started Journal Service.
[[0;32m  OK  [0m] Started Journal Service.
[[0;32m  OK  [0m] Started Load Kernel Modules.
[[0;32m  OK  [0m] Started Set console keymap.
[[0;32m  OK  [0m] Started Remount Root and Kernel File Systems.
[[0;32m  OK  [0m] Started Uncomplicated firewall.
[[0;32m  OK  [0m] Started Create list of required sta...ce nodes for the current kernel.
[[0;32m  OK  [0m] Started LVM2 metadata daemon.
         Starting Create Static Device Nodes in /dev...
         Starting Load/Save Random Seed...
         Starting udev Coldplug all Devices...
         Starting Apply Kernel Variables...
         Mounting FUSE Control File System...
         Starting Flush Journal to Persistent Storage...
[[0;32m  OK  [0m] Mounted FUSE Control File System.
[[0;32m  OK  [0m] Started Nameserver information manager.
[[0;32m  OK  [0m] Started Create Static Device Nodes in /dev.
[[0;32m  OK  [0m] Started Monitoring of LVM2 mirrors,...ng dmeventd or progress polling.
[[0;32m  OK  [0m] Started Load/Save Random Seed.
[[0;32m  OK  [0m] Started Apply Kernel Variables.
[[0;32m  OK  [0m] Started udev Coldplug all Devices.
         Starting udev Kernel Device Manager...
[[0;32m  OK  [0m] Started Flush Journal to Persistent Storage.
[[0;32m  OK  [0m] Started udev Kernel Device Manager.
[[0;32m  OK  [0m] Started Dispatch Password Requests to Console Directory Watch.
[[0;32m  OK  [0m] Reached target Local File Systems (Pre).
[[0;32m  OK  [0m] Reached target Local File Systems.
         Starting LSB: AppArmor initialization...
         Starting Set console font and keymap...
         Starting Create Volatile Files and Directories...
         Starting Initial cloud-init job (pre-networking)...
         Starting Commit a transient machine-id on disk...
         Starting Tell Plymouth To Write Out Runtime Data...
[[0;32m  OK  [0m] Found device /dev/ttyS0.
[[0;32m  OK  [0m] Started Commit a transient machine-id on disk.
[[0;32m  OK  [0m] Started Create Volatile Files and Directories.
         Starting Update UTMP about System Boot/Shutdown...
[[0;32m  OK  [0m] Listening on Load/Save RF Kill Switch Status /dev/rfkill Watch.
[[0;32m  OK  [0m] Started Update UTMP about System Boot/Shutdown.
[[0;32m  OK  [0m] Started Tell Plymouth To Write Out Runtime Data.
[[0;32m  OK  [0m] Started Set console font and keymap.
[[0;32m  OK  [0m] Created slice system-getty.slice.
[[0;32m  OK  [0m] Started LSB: AppArmor initialization.
[   22.481121] cloud-init[486]: Cloud-init v. 18.3-9-g2e62cb8a-0ubuntu1~16.04.2 running 'init-local' at Sat, 18 Aug 2018 15:52:00 +0000. Up 21.69 seconds.
[[0;32m  OK  [0m] Started Initial cloud-init job (pre-networking).
[[0;32m  OK  [0m] Reached target Network (Pre).
         Starting Raise network interfaces...
[[0;32m  OK  [0m] Started Raise network interfaces.
[[0;32m  OK  [0m] Reached target Network.
         Starting Initial cloud-init job (metadata service crawler)...
[   27.330724] cloud-init[946]: Cloud-init v. 18.3-9-g2e62cb8a-0ubuntu1~16.04.2 running 'init' at Sat, 18 Aug 2018 15:52:02 +0000. Up 24.11 seconds.
[[0;32m  OK  [0m] Started Initial cloud-init job (metadata service crawler).
[   27.473305] cloud-init[946]: ci-info: ++++++++++++++++++++++++++++++++++++++Net device info+++++++++++++++++++++++++++++++++++++++
[[0;32m  OK  [0m] Reached target System Initialization.
         Starting Socket activation for snappy daemon.
[[0;32m  OK  [0m] Listening on D-Bus System Message Bus Socket.
[   27.531739] cloud-init[946]: ci-info: +--------+-------+----------------------------+---------------+--------+-------------------+
[   27.624149] cloud-init[946]: ci-info: | Device |   Up  |          Address           |      Mask     | Scope  |     Hw-Address    |
[[0;32m  OK  [0m] Started Daily apt download activities.
[[0;32m  OK  [0m] Listening on ACPID Listen Socket.
[   27.659877] cloud-init[946]: ci-info: +--------+-------+----------------------------+---------------+--------+-------------------+
[[0;32m  OK  [0m] Started ACPI Events Check.
[[0;32m  OK  [0m] Reached target Paths.
[[0;32m  OK  [0m] Started Daily Cleanup of Temporary Directories.
[   27.807708] cloud-init[946]: ci-info: | enp0s3 |  True |         10.0.2.15          | 255.255.255.0 | global | 02:48:3e:15:b5:0c |
         Starting LXD - unix socket.
[[0;32m  OK  [0m] Listening on UUID daemon activation socket.
[[0;32m  OK  [0m] Started Daily apt upgrade and clean activities.
[[0;32m  OK  [0m] Reached target Timers.
[[0;32m  OK  [0m] Reached target Cloud-config availability.
[[0;32m  OK  [0m] Reached target Network is Online.
[   27.918114] cloud-init[946]: ci-info: | enp0s3 |  True | fe80::48:3eff:fe15:b50c/64 |       .       |  link  | 02:48:3e:15:b5:0c |
         Starting iSCSI initiator daemon (iscsid)...
[   28.164975] cloud-init[946]: ci-info: | enp0s8 | False |             .              |       .       |   .    | 08:00:27:0c:d1:cd |
[   28.248325] cloud-init[946]: ci-info: |   lo   |  True |         127.0.0.1          |   255.0.0.0   |  host  |         .         |
[   28.289586] cloud-init[946]: ci-info: |   lo   |  True |          ::1/128           |       .       |  host  |         .         |
[   28.388869] cloud-init[946]: ci-info: +--------+-------+----------------------------+---------------+--------+-------------------+
[   28.502482] cloud-init[946]: ci-info: +++++++++++++++++++++++++++Route IPv4 info++++++++++++++++++++++++++++
[   28.570943] cloud-init[946]: ci-info: +-------+-------------+----------+---------------+-----------+-------+
[   28.706956] cloud-init[946]: ci-info: | Route | Destination | Gateway  |    Genmask    | Interface | Flags |
[   28.773710] cloud-init[946]: ci-info: +-------+-------------+----------+---------------+-----------+-------+
[[0;32m  OK  [0m] Listening on Socket activation for snappy daemon.
[   28.791751] cloud-init[946]: ci-info: |   0   |   0.0.0.0   | 10.0.2.2 |    0.0.0.0    |   enp0s3  |   UG  |
[   28.796418] cloud-init[946]: ci-info: |   1   |   10.0.2.0  | 0.0.0.0  | 255.255.255.0 |   enp0s3  |   U   |
[   28.796473] cloud-init[946]: ci-info: +-------+-------------+----------+---------------+-----------+-------+
[   28.797552] cloud-init[946]: ci-info: +++++++++++++++++++Route IPv6 info+++++++++++++++++++
[   28.797630] cloud-init[946]: ci-info: +-------+-------------+---------+-----------+-------+
[   28.797684] cloud-init[946]: ci-info: | Route | Destination | Gateway | Interface | Flags |
[   28.797776] cloud-init[946]: ci-info: +-------+-------------+---------+-----------+-------+
[   28.797838] cloud-init[946]: ci-info: |   0   |  fe80::/64  |    ::   |   enp0s3  |   U   |
[   28.798181] cloud-init[946]: ci-info: |   3   |   ff00::/8  |    ::   |   enp0s3  |   U   |
[   28.798244] cloud-init[946]: ci-info: +-------+-------------+---------+-----------+-------+
[   28.798299] cloud-init[946]: Generating public/private rsa key pair.
[   28.798363] cloud-init[946]: Your identification has been saved in /etc/ssh/ssh_host_rsa_key.
[   28.798420] cloud-init[946]: Your public key has been saved in /etc/ssh/ssh_host_rsa_key.pub.
[   28.798472] cloud-init[946]: The key fingerprint is:
[   28.798521] cloud-init[946]: SHA256:pE7+xnAqkOKRXGM0sQnQIJIvoQahK6JDtVudPkU8FRE root@ubuntu-xenial
[   28.798573] cloud-init[946]: The key's randomart image is:
[   28.798623] cloud-init[946]: +---[RSA 2048]----+
[   28.798674] cloud-init[946]: |B* ..      E+    |
[   28.798777] cloud-init[946]: |B ooo   . .      |
[   28.798830] cloud-init[946]: |+o.+.   .+       |
[   28.798882] cloud-init[946]: |ooo+. .oo .      |
[   28.798934] cloud-init[946]: |*o+o..ooS.       |
[   28.798990] cloud-init[946]: |*+o o+o o        |
[   28.799040] cloud-init[946]: |+..o  oB         |
[   28.799090] cloud-init[946]: | o  . ..+        |
[   28.799141] cloud-init[946]: |     . ..        |
[   28.799188] cloud-init[946]: +----[SHA256]-----+
[   28.799241] cloud-init[946]: Generating public/private dsa key pair.
[   28.799295] cloud-init[946]: Your identification has been saved in /etc/ssh/ssh_host_dsa_key.
[   28.799349] cloud-init[946]: Your public key has been saved in /etc/ssh/ssh_host_dsa_key.pub.
[   28.799407] cloud-init[946]: The key fingerprint is:
[   28.799461] cloud-init[946]: SHA256:L6uMh/SsewQpgQdMJq/UMoBs0yKVYGS+k1w35WUkAnY root@ubuntu-xenial
[   28.799513] cloud-init[946]: The key's randomart image is:
[   28.799565] cloud-init[946]: +---[DSA 1024]----+
[   28.799619] cloud-init[946]: |@@o+.E o.+       |
[   28.799672] cloud-init[946]: |@B*.. + +        |
[   28.799776] cloud-init[946]: |o*++ + .         |
[   28.799832] cloud-init[946]: |o.B + .          |
[   28.799889] cloud-init[946]: |.= . .  S        |
[   28.799942] cloud-init[946]: |  . . .  .       |
[   28.799996] cloud-init[946]: |   . =  . .      |
[   28.800056] cloud-init[946]: |    .o=  o       |
[   28.800111] cloud-init[946]: |    +=o..        |
[   28.800166] cloud-init[946]: +----[SHA256]-----+
[[0;32m  OK  [0m] Listening on LXD - unix socket.
[   28.800347] cloud-init[946]: Generating public/private ecdsa key pair.
[   29.930360] cloud-init[946]: Your identification has been saved in /etc/ssh/ssh_host_ecdsa_key.
[   30.005207] cloud-init[946]: Your public key has been saved in /etc/ssh/ssh_host_ecdsa_key.pub.
[   30.023260] cloud-init[946]: The key fingerprint is:
[   30.066598] cloud-init[946]: SHA256:BCrHIYH03gn+ktOQuHphtEihmSv9r92lwIZ/DAz2Mkw root@ubuntu-xenial
[[0;32m  OK  [0m] Reached target Sockets.
[[0;32m  OK  [0m] Reached target Basic System.
[   30.099734] cloud-init[946]: The key's randomart image is:
[   30.209092] cloud-init[946]: +---[ECDSA 256]---+
[   30.272304] cloud-init[946]: |.oo.. .          |
[   30.272398] cloud-init[946]: |...o o .         |
[   30.272571] cloud-init[946]: |.ooo+   .        |
[   30.272642] cloud-init[946]: |+.=oE ..         |
[   30.272715] cloud-init[946]: |.* X *  S        |
[   30.272763] cloud-init[946]: |+ * Oo+          |
[   30.272813] cloud-init[946]: |.o *.=+o  .      |
[   30.272859] cloud-init[946]: |. . ++ ooo       |
[   30.272904] cloud-init[946]: |..  .o+.o        |
[   30.272972] cloud-init[946]: +----[SHA256]-----+
[   30.273022] cloud-init[946]: Generating public/private ed25519 key pair.
[   30.273074] cloud-init[946]: Your identification has been saved in /etc/ssh/ssh_host_ed25519_key.
[   30.273130] cloud-init[946]: Your public key has been saved in /etc/ssh/ssh_host_ed25519_key.pub.
[   30.273175] cloud-init[946]: The key fingerprint is:
[   30.273225] cloud-init[946]: SHA256:Z4Mtk3tMvaS0yUnjqEnXBaweif61u/ypsZQyfTRYouY root@ubuntu-xenial
[   30.273262] cloud-init[946]: The key's randomart image is:
[   30.273293] cloud-init[946]: +--[ED25519 256]--+
[   30.273327] cloud-init[946]: |                 |
[   30.273375] cloud-init[946]: |         .       |
[   30.273914] cloud-init[946]: |          + .    |
[   30.273991] cloud-init[946]: |       . B *     |
[   30.274048] cloud-init[946]: |      . S @ *    |
[   30.274102] cloud-init[946]: |     . + ^ % o   |
[   30.274157] cloud-init[946]: |      o E ^ o    |
[   30.274209] cloud-init[946]: |     . = B = .   |
[   30.274256] cloud-init[946]: |      o . B=o    |
[   30.274298] cloud-init[946]: +----[SHA256]-----+
         Starting Virtualbox guest utils...
         Starting LXD - container startup/shutdown...
         Starting /etc/rc.local Compatibility...
[[0;32m  OK  [0m] Started Unattended Upgrades Shutdown.
         Starting LSB: MD monitoring daemon...
[[0;32m  OK  [0m] Started Regular background program processing daemon.
         Starting Snappy daemon...
         Starting Accounts Service...
[[0;32m  OK  [0m] Started FUSE filesystem for LXC.
[[0;32m  OK  [0m] Started D-Bus System Message Bus.
[[0;32m  OK  [0m] Started ACPI event daemon.
         Starting Pollinate to seed the pseudo random number generator...
         Starting LSB: Record successful boot for GRUB...
         Starting System Logging Service...
[[0;32m  OK  [0m] Started Deferred execution scheduler.
         Starting Login Service...
[[0;32m  OK  [0m] Started iSCSI initiator daemon (iscsid).
[[0;32m  OK  [0m] Started /etc/rc.local Compatibility.
         Starting Login to default iSCSI targets...
[[0;32m  OK  [0m] Started Login Service.
[[0;32m  OK  [0m] Started LSB: Record successful boot for GRUB.
[[0;32m  OK  [0m] Started LSB: MD monitoring daemon.
[[0;32m  OK  [0m] Started Login to default iSCSI targets.
[[0;32m  OK  [0m] Reached target Remote File Systems (Pre).
[[0;32m  OK  [0m] Reached target Remote File Systems.
         Starting LSB: automatic crash report generation...
         Starting LSB: Set the CPU Frequency Scaling governor to "ondemand"...
         Starting LSB: daemon to balance interrupts for SMP systems...
         Starting Permit User Sessions...
         Starting Authenticate and Authorize Users to Run Privileged Tasks...
[[0;32m  OK  [0m] Started System Logging Service.
[[0;32m  OK  [0m] Started LSB: Set the CPU Frequency Scaling governor to "ondemand".
[[0;32m  OK  [0m] Started Permit User Sessions.
         Starting Terminate Plymouth Boot Screen...
         Starting Hold until boot process finishes up...
[[0;32m  OK  [0m] Started LSB: automatic crash report generation.
[[0;32m  OK  [0m] Started Terminate Plymouth Boot Screen.
[[0;32m  OK  [0m] Started Hold until boot process finishes up.
         Starting Set console scheme...
[[0;32m  OK  [0m] Started Serial Getty on ttyS0.
[[0;32m  OK  [0m] Started Getty on tty1.
[[0;32m  OK  [0m] Reached target Login Prompts.
[[0;32m  OK  [0m] Started LSB: daemon to balance interrupts for SMP systems.
[[0;32m  OK  [0m] Started Set console scheme.
[[0;32m  OK  [0m] Started Virtualbox guest utils.
[[0;32m  OK  [0m] Started Authenticate and Authorize Users to Run Privileged Tasks.
[[0;32m  OK  [0m] Started Accounts Service.
[[0;32m  OK  [0m] Started LXD - container startup/shutdown.
[[0;32m  OK  [0m] Started Snappy daemon.
         Starting Wait until snapd is fully seeded...
[[0;32m  OK  [0m] Started Wait until snapd is fully seeded.
         Starting Apply the settings specified in cloud-config...
[[0;32m  OK  [0m] Started Pollinate to seed the pseudo random number generator.
         Starting OpenBSD Secure Shell server...
[[0;32m  OK  [0m] Started OpenBSD Secure Shell server.
[[0;32m  OK  [0m] Reached target Multi-User System.
[[0;32m  OK  [0m] Reached target Graphical Interface.
         Starting Update UTMP about System Runlevel Changes...
[[0;32m  OK  [0m] Started Update UTMP about System Runlevel Changes.
[   39.689638] cloud-init[1263]: Generating locales (this might take a while)...

Ubuntu 16.04.5 LTS ubuntu-xenial ttyS0

ubuntu-xenial login: [   41.736060] cloud-init[1263]:   en_US.UTF-8... done
[   41.737420] cloud-init[1263]: Generation complete.
[   43.337744] cloud-init[1263]: Cloud-init v. 18.3-9-g2e62cb8a-0ubuntu1~16.04.2 running 'modules:config' at Sat, 18 Aug 2018 15:52:17 +0000. Up 39.40 seconds.
ci-info: no authorized ssh keys fingerprints found for user ubuntu.
<14>Aug 18 15:52:22 ec2: 
<14>Aug 18 15:52:22 ec2: #############################################################
<14>Aug 18 15:52:22 ec2: -----BEGIN SSH HOST KEY FINGERPRINTS-----
<14>Aug 18 15:52:22 ec2: 1024 SHA256:L6uMh/SsewQpgQdMJq/UMoBs0yKVYGS+k1w35WUkAnY root@ubuntu-xenial (DSA)
<14>Aug 18 15:52:22 ec2: 256 SHA256:BCrHIYH03gn+ktOQuHphtEihmSv9r92lwIZ/DAz2Mkw root@ubuntu-xenial (ECDSA)
<14>Aug 18 15:52:22 ec2: 256 SHA256:Z4Mtk3tMvaS0yUnjqEnXBaweif61u/ypsZQyfTRYouY root@ubuntu-xenial (ED25519)
<14>Aug 18 15:52:22 ec2: 2048 SHA256:pE7+xnAqkOKRXGM0sQnQIJIvoQahK6JDtVudPkU8FRE root@ubuntu-xenial (RSA)
<14>Aug 18 15:52:22 ec2: -----END SSH HOST KEY FINGERPRINTS-----
<14>Aug 18 15:52:22 ec2: #############################################################
-----BEGIN SSH HOST KEY KEYS-----
ecdsa-sha2-nistp256 AAAAE2VjZHNhLXNoYTItbmlzdHAyNTYAAAAIbmlzdHAyNTYAAABBBMmePUUazonZkfVQdTk8oGUwsc1DsEUw8xD6IwGTzc8nJYRc6y+ajMgpl+I+nzy9410e60sSzxnhI0Gsolo2QzE= root@ubuntu-xenial
ssh-ed25519 AAAAC3NzaC1lZDI1NTE5AAAAIPfjJ8EGTip6XmHHKvnVnVqsI2596kuHlZHc6rrDENrd root@ubuntu-xenial
ssh-rsa AAAAB3NzaC1yc2EAAAADAQABAAABAQCrAag4ac1yqWzlpB+PmKPv9RzVYo4DbrgBghe1dgwMjjuRapBSRjayf/gCBndzmUWQIf1jeVWenMI2IRTH7BqAPMJxiZAI1ZQWw1BiH2Jw6qNGFuJbIsqLlBBdH2o6QRZsEkiOpGNwMqnuKOhCF1WvR+XnpXs5tivZfUplWotUlwRsc0V81zjvgVlF8IjbUgi4Fwb5yL0LuLuya0FsluGfc6KIB08n4UPm2ceyXmENrE1FIgmnVLw3DxKplm0RI1PMu+E/0ZO5vlWfkzUaUMBpiVup0KSRgOS8eANoSmYzvQc507rnLv1J0GNvhUMtLnnqhUelfKK4eXlRBik5iPPN root@ubuntu-xenial
-----END SSH HOST KEY KEYS-----
[   44.537678] cloud-init[1321]: Cloud-init v. 18.3-9-g2e62cb8a-0ubuntu1~16.04.2 running 'modules:final' at Sat, 18 Aug 2018 15:52:22 +0000. Up 43.78 seconds.
[   44.537932] cloud-init[1321]: ci-info: no authorized ssh keys fingerprints found for user ubuntu.
[   44.538099] cloud-init[1321]: Cloud-init v. 18.3-9-g2e62cb8a-0ubuntu1~16.04.2 finished at Sat, 18 Aug 2018 15:52:22 +0000. Datasource DataSourceNoCloud [seed=/dev/sdb][dsmode=net].  Up 44.53 seconds
